// Jest Snapshot v1, https://goo.gl/fbAQLP

exports[`Components: BarGraph component renders correctly 1`] = `
<div>
  <div
    className="MuiGrid-container-5 BarGraph-container-2"
  >
    <div
      className="MuiGrid-item-6 MuiGrid-grid-xs-12-45"
    >
      <svg
        className="BarGraph-svg-4"
        viewBox="0 0 800 500"
      />
    </div>
  </div>
</div>
`;
